Assuming unrestricted shared filesystem usage.
host: Levs-MacBook-Pro.local
Building DAG of jobs...
Using shell: /bin/bash
Provided cores: 1 (use --cores to define parallelism)
Rules claiming more threads will be scaled down.
Job stats:
job                   count
------------------  -------
accuracy_eval             1
all                       1
bootstrap_summary         1
fetch_reads               1
fetch_transcripts         1
index_kallisto            1
index_salmon              1
quant_kallisto            1
quant_kallisto_sim        1
quant_salmon              1
simulate_reads            1
total                    11

Select jobs to execute...
Failed to solve scheduling problem with ILP solver, falling back to greedy scheduler. You likely have to fix your ILP solver installation. Error message: PULP_CBC_CMD: Not Available (check permissions on cbc)
Execute 1 jobs...
[Sat Nov 29 18:33:17 2025]
localrule fetch_reads:
    output: data/NA12716_R1.fastq.gz, data/NA12716_R2.fastq.gz
    jobid: 5
    reason: Missing output files: data/NA12716_R2.fastq.gz, data/NA12716_R1.fastq.gz; Code has changed since last execution; Params have changed since last execution: Union of exclusive params before and now across all output: before: 'ftp://ftp.sra.ebi.ac.uk/vol1/fastq/ERR188/ERR188021/ERR188021_1.fastq.gz','ftp://ftp.sra.ebi.ac.uk/vol1/fastq/ERR188/ERR188021/ERR188021_2.fastq.gz' now: 'http://ftp.sra.ebi.ac.uk/vol1/fastq/ERR188/ERR188021/ERR188021_1.fastq.gz','http://ftp.sra.ebi.ac.uk/vol1/fastq/ERR188/ERR188021/ERR188021_2.fastq.gz' 
    wildcards: s=NA12716
    resources: tmpdir=/var/folders/lc/hdfzk19x5fjdql_sy2ryg3f00000gn/T
Shell command: 
            mkdir -p data
            curl -L -C - --retry 5 --retry-delay 10 http://ftp.sra.ebi.ac.uk/vol1/fastq/ERR188/ERR188021/ERR188021_1.fastq.gz -o data/NA12716_R1.fastq.gz
            curl -L -C - --retry 5 --retry-delay 10 http://ftp.sra.ebi.ac.uk/vol1/fastq/ERR188/ERR188021/ERR188021_2.fastq.gz -o data/NA12716_R2.fastq.gz
            
Select jobs to execute...
[Sat Nov 29 18:48:35 2025]
Finished jobid: 5 (Rule: fetch_reads)
1 of 11 steps (9%) done
Execute 1 jobs...
[Sat Nov 29 18:48:35 2025]
localrule fetch_transcripts:
    output: ref/transcripts.fa.gz
    jobid: 2
    reason: Missing output files: ref/transcripts.fa.gz
    resources: tmpdir=/var/folders/lc/hdfzk19x5fjdql_sy2ryg3f00000gn/T
Shell command: 
            mkdir -p ref
            curl -L https://ftp.ebi.ac.uk/pub/databases/gencode/Gencode_human/release_25/gencode.v25.transcripts.fa.gz -o ref/transcripts.fa.gz
            
[Sat Nov 29 18:48:39 2025]
Finished jobid: 2 (Rule: fetch_transcripts)
2 of 11 steps (18%) done
Select jobs to execute...
Execute 2 jobs...
[Sat Nov 29 18:48:39 2025]
localrule index_kallisto:
    input: ref/transcripts.fa.gz
    output: index/kallisto.idx
    jobid: 1
    reason: Input files updated by another job: ref/transcripts.fa.gz; Set of input files has changed since last execution
    resources: tmpdir=/var/folders/lc/hdfzk19x5fjdql_sy2ryg3f00000gn/T
Shell command: 
        mkdir -p index
        kallisto index -i index/kallisto.idx ref/transcripts.fa.gz
        
[Sat Nov 29 18:48:39 2025]
localrule simulate_reads:
    input: ref/transcripts.fa.gz
    output: data/sim/reads_1.fq.gz, data/sim/reads_2.fq.gz, data/sim/truth_tpm.tsv
    jobid: 9
    reason: Input files updated by another job: ref/transcripts.fa.gz; Set of input files has changed since last execution; Params have changed since last execution: Union of exclusive params before and now across all output: before: 2000,500000,100 now: 10000,75,30000000 
    resources: tmpdir=/var/folders/lc/hdfzk19x5fjdql_sy2ryg3f00000gn/T
Shell command: 
        mkdir -p data/sim
        Rscript scripts/simulate_polyester.R           --transcripts ref/transcripts.fa.gz --outdir data/sim           --n_transcripts 10000 --n_reads 30000000           --read_len 75 --frag_mean 200 --frag_sd 30           --seed 42
        
RuleException:
CalledProcessError in file "/Users/lev/antigravity-fall25csc427/fall25-csc-bioinf/project/project-kallisto-full/Snakefile", line 166:
Command 'set -euo pipefail;  
        mkdir -p data/sim
        Rscript scripts/simulate_polyester.R           --transcripts ref/transcripts.fa.gz --outdir data/sim           --n_transcripts 10000 --n_reads 30000000           --read_len 75 --frag_mean 200 --frag_sd 30           --seed 42' returned non-zero exit status 1.
[Sat Nov 29 18:48:40 2025]
Error in rule simulate_reads:
    message: None
    jobid: 9
    input: ref/transcripts.fa.gz
    output: data/sim/reads_1.fq.gz, data/sim/reads_2.fq.gz, data/sim/truth_tpm.tsv
    shell:
        
        mkdir -p data/sim
        Rscript scripts/simulate_polyester.R           --transcripts ref/transcripts.fa.gz --outdir data/sim           --n_transcripts 10000 --n_reads 30000000           --read_len 75 --frag_mean 200 --frag_sd 30           --seed 42
        
        (command exited with non-zero exit code)
[Sat Nov 29 18:52:56 2025]
Finished jobid: 1 (Rule: index_kallisto)
3 of 11 steps (27%) done
Shutting down, this might take some time.
Exiting because a job execution failed. Look below for error messages
[Sat Nov 29 18:52:56 2025]
Error in rule simulate_reads:
    message: None
    jobid: 9
    input: ref/transcripts.fa.gz
    output: data/sim/reads_1.fq.gz, data/sim/reads_2.fq.gz, data/sim/truth_tpm.tsv
    shell:
        
        mkdir -p data/sim
        Rscript scripts/simulate_polyester.R           --transcripts ref/transcripts.fa.gz --outdir data/sim           --n_transcripts 10000 --n_reads 30000000           --read_len 75 --frag_mean 200 --frag_sd 30           --seed 42
        
        (command exited with non-zero exit code)
Complete log(s): /Users/lev/antigravity-fall25csc427/fall25-csc-bioinf/project/project-kallisto-full/.snakemake/log/2025-11-29T183316.742780.snakemake.log
WorkflowError:
At least one job did not complete successfully.
