Assuming unrestricted shared filesystem usage.
host: Levs-MacBook-Pro.local
Building DAG of jobs...
Using shell: /bin/bash
Provided cores: 1 (use --cores to define parallelism)
Rules claiming more threads will be scaled down.
Job stats:
job                   count
------------------  -------
accuracy_eval             1
all                       1
bootstrap_summary         1
quant_kallisto_sim        1
simulate_reads            1
total                     5

Select jobs to execute...
Failed to solve scheduling problem with ILP solver, falling back to greedy scheduler. You likely have to fix your ILP solver installation. Error message: PULP_CBC_CMD: Not Available (check permissions on cbc)
Execute 1 jobs...
[Tue Nov 25 19:29:58 2025]
localrule simulate_reads:
    input: ref/test_transcripts.fa.gz
    output: data/sim/reads_1.fq.gz, data/sim/reads_2.fq.gz, data/sim/truth_tpm.tsv
    jobid: 9
    reason: Missing output files: data/sim/truth_tpm.tsv, data/sim/reads_1.fq.gz, data/sim/reads_2.fq.gz
    resources: tmpdir=/var/folders/lc/hdfzk19x5fjdql_sy2ryg3f00000gn/T
Shell command: 
        mkdir -p data/sim
        Rscript scripts/simulate_polyester.R           --transcripts ref/test_transcripts.fa.gz --outdir data/sim           --n_transcripts 2000 --n_reads 500000           --read_len 100 --frag_mean 200 --frag_sd 30           --seed 42
        
Select jobs to execute...
[Tue Nov 25 19:30:16 2025]
Finished jobid: 9 (Rule: simulate_reads)
1 of 5 steps (20%) done
Execute 1 jobs...
[Tue Nov 25 19:30:16 2025]
localrule quant_kallisto_sim:
    input: index/kallisto.idx, data/sim/reads_1.fq.gz, data/sim/reads_2.fq.gz
    output: quant/kallisto_sim/abundance.tsv
    jobid: 10
    reason: Missing output files: quant/kallisto_sim/abundance.tsv; Input files updated by another job: data/sim/reads_1.fq.gz, data/sim/reads_2.fq.gz
    resources: tmpdir=/var/folders/lc/hdfzk19x5fjdql_sy2ryg3f00000gn/T
Shell command: 
        mkdir -p quant/kallisto_sim
        kallisto quant -i index/kallisto.idx -o quant/kallisto_sim -t 4 data/sim/reads_1.fq.gz data/sim/reads_2.fq.gz
        
Select jobs to execute...
[Tue Nov 25 19:30:18 2025]
Finished jobid: 10 (Rule: quant_kallisto_sim)
2 of 5 steps (40%) done
Execute 1 jobs...
[Tue Nov 25 19:30:18 2025]
localrule accuracy_eval:
    input: data/sim/truth_tpm.tsv, quant/kallisto_sim/abundance.tsv
    output: results/accuracy_simulated/metrics.tsv, results/accuracy_simulated/ma_plot.png
    jobid: 8
    reason: Missing output files: results/accuracy_simulated/ma_plot.png, results/accuracy_simulated/metrics.tsv; Input files updated by another job: quant/kallisto_sim/abundance.tsv, data/sim/truth_tpm.tsv
    resources: tmpdir=/var/folders/lc/hdfzk19x5fjdql_sy2ryg3f00000gn/T
Shell command: 
        python scripts/compare_quant.py           --truth data/sim/truth_tpm.tsv --abundance quant/kallisto_sim/abundance.tsv           --outdir results/accuracy_simulated
        
Select jobs to execute...
[Tue Nov 25 19:31:02 2025]
Finished jobid: 8 (Rule: accuracy_eval)
3 of 5 steps (60%) done
Execute 1 jobs...
[Tue Nov 25 19:31:02 2025]
localrule bootstrap_summary:
    input: quant/kallisto/test/abundance.tsv
    output: results/bootstrap/summary_demo.tsv
    jobid: 7
    reason: Missing output files: results/bootstrap/summary_demo.tsv
    resources: tmpdir=/var/folders/lc/hdfzk19x5fjdql_sy2ryg3f00000gn/T
Shell command: 
        python scripts/plot_bootstrap.py           --runinfo quant/kallisto/test/run_info.json           --abundance quant/kallisto/test/abundance.tsv           --outdir results/bootstrap           --tag summary_demo
        
[Tue Nov 25 19:31:03 2025]
Finished jobid: 7 (Rule: bootstrap_summary)
4 of 5 steps (80%) done
Select jobs to execute...
Execute 1 jobs...
[Tue Nov 25 19:31:03 2025]
localrule all:
    input: index/kallisto.idx, index/salmon/versionInfo.json, quant/kallisto/test/abundance.tsv, quant/salmon/test/quant.sf, results/speed/kallisto_test.time, results/speed/salmon_test.time, results/bootstrap/summary_demo.tsv, results/accuracy_simulated/metrics.tsv, results/accuracy_simulated/ma_plot.png
    jobid: 0
    reason: Input files updated by another job: results/accuracy_simulated/metrics.tsv, results/bootstrap/summary_demo.tsv, results/accuracy_simulated/ma_plot.png
    resources: tmpdir=/var/folders/lc/hdfzk19x5fjdql_sy2ryg3f00000gn/T
Shell command: None
[Tue Nov 25 19:31:03 2025]
Finished jobid: 0 (Rule: all)
5 of 5 steps (100%) done
Complete log(s): /Users/lev/antigravity-fall25csc427/fall25-csc-bioinf/project/project-kallisto-full/.snakemake/log/2025-11-25T192957.750438.snakemake.log
